JWlink Version 1.9beta 13
Portions Copyright (c) 1985-2002 Sybase, Inc. All Rights Reserved.
Created on:       14/04/30 19:47:35
Executable Image: bldr.bin
creating a RAW Binary Image executable


                        +------------+
                        |   Groups   |
                        +------------+

Group                           Address              Size
=====                           =======              ====

DGROUP                          00000000             00007e00



                        +--------------+
                        |   Segments   |
                        +--------------+

Segment                Class          Group          Address         Size
=======                =====          =====          =======         ====

_TEXT                  CODE           DGROUP         00000000        00007e00
_DATA                  DATA           DGROUP         00007e00        00000000


                        +----------------+
                        |   Memory Map   |
                        +----------------+

* = unreferenced symbol
+ = symbol only referenced locally

Address        Symbol
=======        ======

Module: bldr.obj(bldr.asm)
00007c00*      main
00007c2d*      print_string
Warning! W1014: stack segment not found


                        +-----------------------+
                        |   Linker Statistics   |
                        +-----------------------+

Stack size:  1000 (4096.)
Memory size:  7e00 (32256.)
Entry point address: 00007c00
Link time: 00:00.16
