JWlink Version 1.9beta 13
Portions Copyright (c) 1985-2002 Sybase, Inc. All Rights Reserved.
Created on:       14/05/02 08:55:53
Executable Image: npk.bin
creating a RAW Binary Image executable


                        +------------+
                        |   Groups   |
                        +------------+

Group                           Address              Size
=====                           =======              ====

DGROUP                          00000000             00000716



                        +--------------+
                        |   Segments   |
                        +--------------+

Segment                Class          Group          Address         Size
=======                =====          =====          =======         ====

_TEXT                  CODE           DGROUP         00000000        00000715
_DATA                  DATA           DGROUP         00000716        00000000


                        +----------------+
                        |   Memory Map   |
                        +----------------+

* = unreferenced symbol
+ = symbol only referenced locally

Address        Symbol
=======        ======

Module: npkb.obj(npkb.asm)
00000000*      main
00000578*      npk_register
000005fb*      npk_yield
0000069d*      npk_start
000006c0*      tweedledee
000006d7*      tweedledum
000006ee*      print_line
00000710*      read_char
Warning! W1014: stack segment not found


                        +-----------------------+
                        |   Linker Statistics   |
                        +-----------------------+

Stack size:  1000 (4096.)
Memory size:  0716 (1814.)
Entry point address: 00000000
Link time: 00:00.16
